src/app/admin/charities/page.tsx(4,30): error TS1149: File name 'C:/Users/kasturi/OneDrive/Desktop/Digital-Heros/digital-heroes/src/lib/supabase/client.ts' differs from already included file name 'C:/Users/kasturi/OneDrive/Desktop/Digital-Heros/digital-heroes/src/lib/Supabase/client.ts' only in casing.
  The file is in the program because:
    Matched by include pattern '**/*.ts' in 'C:/Users/kasturi/OneDrive/Desktop/Digital-Heros/digital-heroes/tsconfig.json'
    Imported via "@/lib/supabase/client" from file 'C:/Users/kasturi/OneDrive/Desktop/Digital-Heros/digital-heroes/src/components/Navbar.tsx'
    Imported via "@/lib/supabase/client" from file 'C:/Users/kasturi/OneDrive/Desktop/Digital-Heros/digital-heroes/src/app/page.tsx'
    Imported via "@/lib/supabase/client" from file 'C:/Users/kasturi/OneDrive/Desktop/Digital-Heros/digital-heroes/src/app/admin/charities/page.tsx'
    Imported via "@/lib/supabase/client" from file 'C:/Users/kasturi/OneDrive/Desktop/Digital-Heros/digital-heroes/src/app/admin/draws/page.tsx'
    Imported via "@/lib/supabase/client" from file 'C:/Users/kasturi/OneDrive/Desktop/Digital-Heros/digital-heroes/src/app/admin/winners/page.tsx'
    Imported via "@/lib/supabase/client" from file 'C:/Users/kasturi/OneDrive/Desktop/Digital-Heros/digital-heroes/src/app/charities/page.tsx'
    Imported via "@/lib/supabase/client" from file 'C:/Users/kasturi/OneDrive/Desktop/Digital-Heros/digital-heroes/src/app/dashboard/charity/page.tsx'
    Imported via "@/lib/supabase/client" from file 'C:/Users/kasturi/OneDrive/Desktop/Digital-Heros/digital-heroes/src/app/dashboard/scores/page.tsx'
    Imported via "@/lib/supabase/client" from file 'C:/Users/kasturi/OneDrive/Desktop/Digital-Heros/digital-heroes/src/app/login/page.tsx'
    Imported via "@/lib/supabase/client" from file 'C:/Users/kasturi/OneDrive/Desktop/Digital-Heros/digital-heroes/src/app/pricing/page.tsx'
    Imported via "@/lib/supabase/client" from file 'C:/Users/kasturi/OneDrive/Desktop/Digital-Heros/digital-heroes/src/app/signup/page.tsx'
src/app/admin/draws/page.tsx(4,30): error TS1149: File name 'C:/Users/kasturi/OneDrive/Desktop/Digital-Heros/digital-heroes/src/lib/supabase/client.ts' differs from already included file name 'C:/Users/kasturi/OneDrive/Desktop/Digital-Heros/digital-heroes/src/lib/Supabase/client.ts' only in casing.
  The file is in the program because:
    Matched by include pattern '**/*.ts' in 'C:/Users/kasturi/OneDrive/Desktop/Digital-Heros/digital-heroes/tsconfig.json'
    Imported via "@/lib/supabase/client" from file 'C:/Users/kasturi/OneDrive/Desktop/Digital-Heros/digital-heroes/src/components/Navbar.tsx'
    Imported via "@/lib/supabase/client" from file 'C:/Users/kasturi/OneDrive/Desktop/Digital-Heros/digital-heroes/src/app/page.tsx'
    Imported via "@/lib/supabase/client" from file 'C:/Users/kasturi/OneDrive/Desktop/Digital-Heros/digital-heroes/src/app/admin/charities/page.tsx'
    Imported via "@/lib/supabase/client" from file 'C:/Users/kasturi/OneDrive/Desktop/Digital-Heros/digital-heroes/src/app/admin/draws/page.tsx'
    Imported via "@/lib/supabase/client" from file 'C:/Users/kasturi/OneDrive/Desktop/Digital-Heros/digital-heroes/src/app/admin/winners/page.tsx'
    Imported via "@/lib/supabase/client" from file 'C:/Users/kasturi/OneDrive/Desktop/Digital-Heros/digital-heroes/src/app/charities/page.tsx'
    Imported via "@/lib/supabase/client" from file 'C:/Users/kasturi/OneDrive/Desktop/Digital-Heros/digital-heroes/src/app/dashboard/charity/page.tsx'
    Imported via "@/lib/supabase/client" from file 'C:/Users/kasturi/OneDrive/Desktop/Digital-Heros/digital-heroes/src/app/dashboard/scores/page.tsx'
    Imported via "@/lib/supabase/client" from file 'C:/Users/kasturi/OneDrive/Desktop/Digital-Heros/digital-heroes/src/app/login/page.tsx'
    Imported via "@/lib/supabase/client" from file 'C:/Users/kasturi/OneDrive/Desktop/Digital-Heros/digital-heroes/src/app/pricing/page.tsx'
    Imported via "@/lib/supabase/client" from file 'C:/Users/kasturi/OneDrive/Desktop/Digital-Heros/digital-heroes/src/app/signup/page.tsx'
src/app/admin/users/page.tsx(74,43): error TS2352: Conversion of type '{ name: any; }[]' to type '{ name: string; }' may be a mistake because neither type sufficiently overlaps with the other. If this was intentional, convert the expression to 'unknown' first.
  Property 'name' is missing in type '{ name: any; }[]' but required in type '{ name: string; }'.
src/app/admin/winners/page.tsx(4,30): error TS1149: File name 'C:/Users/kasturi/OneDrive/Desktop/Digital-Heros/digital-heroes/src/lib/supabase/client.ts' differs from already included file name 'C:/Users/kasturi/OneDrive/Desktop/Digital-Heros/digital-heroes/src/lib/Supabase/client.ts' only in casing.
  The file is in the program because:
    Matched by include pattern '**/*.ts' in 'C:/Users/kasturi/OneDrive/Desktop/Digital-Heros/digital-heroes/tsconfig.json'
    Imported via "@/lib/supabase/client" from file 'C:/Users/kasturi/OneDrive/Desktop/Digital-Heros/digital-heroes/src/components/Navbar.tsx'
    Imported via "@/lib/supabase/client" from file 'C:/Users/kasturi/OneDrive/Desktop/Digital-Heros/digital-heroes/src/app/page.tsx'
    Imported via "@/lib/supabase/client" from file 'C:/Users/kasturi/OneDrive/Desktop/Digital-Heros/digital-heroes/src/app/admin/charities/page.tsx'
    Imported via "@/lib/supabase/client" from file 'C:/Users/kasturi/OneDrive/Desktop/Digital-Heros/digital-heroes/src/app/admin/draws/page.tsx'
    Imported via "@/lib/supabase/client" from file 'C:/Users/kasturi/OneDrive/Desktop/Digital-Heros/digital-heroes/src/app/admin/winners/page.tsx'
    Imported via "@/lib/supabase/client" from file 'C:/Users/kasturi/OneDrive/Desktop/Digital-Heros/digital-heroes/src/app/charities/page.tsx'
    Imported via "@/lib/supabase/client" from file 'C:/Users/kasturi/OneDrive/Desktop/Digital-Heros/digital-heroes/src/app/dashboard/charity/page.tsx'
    Imported via "@/lib/supabase/client" from file 'C:/Users/kasturi/OneDrive/Desktop/Digital-Heros/digital-heroes/src/app/dashboard/scores/page.tsx'
    Imported via "@/lib/supabase/client" from file 'C:/Users/kasturi/OneDrive/Desktop/Digital-Heros/digital-heroes/src/app/login/page.tsx'
    Imported via "@/lib/supabase/client" from file 'C:/Users/kasturi/OneDrive/Desktop/Digital-Heros/digital-heroes/src/app/pricing/page.tsx'
    Imported via "@/lib/supabase/client" from file 'C:/Users/kasturi/OneDrive/Desktop/Digital-Heros/digital-heroes/src/app/signup/page.tsx'
src/app/api/draws/run/route.ts(2,30): error TS1261: Already included file name 'C:/Users/kasturi/OneDrive/Desktop/Digital-Heros/digital-heroes/src/lib/supabase/server.ts' differs from file name 'C:/Users/kasturi/OneDrive/Desktop/Digital-Heros/digital-heroes/src/lib/Supabase/server.ts' only in casing.
  The file is in the program because:
    Imported via "@/lib/supabase/server" from file 'C:/Users/kasturi/OneDrive/Desktop/Digital-Heros/digital-heroes/src/app/api/draws/run/route.ts'
    Imported via "@/lib/supabase/server" from file 'C:/Users/kasturi/OneDrive/Desktop/Digital-Heros/digital-heroes/src/app/api/mock-subscribe/route.ts'
    Imported via "@/lib/supabase/server" from file 'C:/Users/kasturi/OneDrive/Desktop/Digital-Heros/digital-heroes/src/app/api/winners/verify/route.ts'
    Matched by include pattern '**/*.ts' in 'C:/Users/kasturi/OneDrive/Desktop/Digital-Heros/digital-heroes/tsconfig.json'
    Imported via "@/lib/supabase/server" from file 'C:/Users/kasturi/OneDrive/Desktop/Digital-Heros/digital-heroes/src/app/admin/page.tsx'
    Imported via "@/lib/supabase/server" from file 'C:/Users/kasturi/OneDrive/Desktop/Digital-Heros/digital-heroes/src/app/admin/users/page.tsx'
    Imported via "@/lib/supabase/server" from file 'C:/Users/kasturi/OneDrive/Desktop/Digital-Heros/digital-heroes/src/app/charities/[id]/page.tsx'
    Imported via "@/lib/supabase/server" from file 'C:/Users/kasturi/OneDrive/Desktop/Digital-Heros/digital-heroes/src/app/dashboard/page.tsx'
    Imported via "@/lib/supabase/server" from file 'C:/Users/kasturi/OneDrive/Desktop/Digital-Heros/digital-heroes/src/app/dashboard/winnings/page.tsx'
src/app/api/draws/run/route.ts(74,58): error TS2345: Argument of type '{ userId: any; scores: number[]; matchCount: number; tier: DrawTier; matches: number[]; }[]' is not assignable to parameter of type 'DrawResult[]'.
  Property 'userScores' is missing in type '{ userId: any; scores: number[]; matchCount: number; tier: DrawTier; matches: number[]; }' but required in type 'DrawResult'.
src/app/charities/page.tsx(4,30): error TS1149: File name 'C:/Users/kasturi/OneDrive/Desktop/Digital-Heros/digital-heroes/src/lib/supabase/client.ts' differs from already included file name 'C:/Users/kasturi/OneDrive/Desktop/Digital-Heros/digital-heroes/src/lib/Supabase/client.ts' only in casing.
  The file is in the program because:
    Matched by include pattern '**/*.ts' in 'C:/Users/kasturi/OneDrive/Desktop/Digital-Heros/digital-heroes/tsconfig.json'
    Imported via "@/lib/supabase/client" from file 'C:/Users/kasturi/OneDrive/Desktop/Digital-Heros/digital-heroes/src/components/Navbar.tsx'
    Imported via "@/lib/supabase/client" from file 'C:/Users/kasturi/OneDrive/Desktop/Digital-Heros/digital-heroes/src/app/page.tsx'
    Imported via "@/lib/supabase/client" from file 'C:/Users/kasturi/OneDrive/Desktop/Digital-Heros/digital-heroes/src/app/admin/charities/page.tsx'
    Imported via "@/lib/supabase/client" from file 'C:/Users/kasturi/OneDrive/Desktop/Digital-Heros/digital-heroes/src/app/admin/draws/page.tsx'
    Imported via "@/lib/supabase/client" from file 'C:/Users/kasturi/OneDrive/Desktop/Digital-Heros/digital-heroes/src/app/admin/winners/page.tsx'
    Imported via "@/lib/supabase/client" from file 'C:/Users/kasturi/OneDrive/Desktop/Digital-Heros/digital-heroes/src/app/charities/page.tsx'
    Imported via "@/lib/supabase/client" from file 'C:/Users/kasturi/OneDrive/Desktop/Digital-Heros/digital-heroes/src/app/dashboard/charity/page.tsx'
    Imported via "@/lib/supabase/client" from file 'C:/Users/kasturi/OneDrive/Desktop/Digital-Heros/digital-heroes/src/app/dashboard/scores/page.tsx'
    Imported via "@/lib/supabase/client" from file 'C:/Users/kasturi/OneDrive/Desktop/Digital-Heros/digital-heroes/src/app/login/page.tsx'
    Imported via "@/lib/supabase/client" from file 'C:/Users/kasturi/OneDrive/Desktop/Digital-Heros/digital-heroes/src/app/pricing/page.tsx'
    Imported via "@/lib/supabase/client" from file 'C:/Users/kasturi/OneDrive/Desktop/Digital-Heros/digital-heroes/src/app/signup/page.tsx'
src/app/dashboard/charity/page.tsx(4,30): error TS1149: File name 'C:/Users/kasturi/OneDrive/Desktop/Digital-Heros/digital-heroes/src/lib/supabase/client.ts' differs from already included file name 'C:/Users/kasturi/OneDrive/Desktop/Digital-Heros/digital-heroes/src/lib/Supabase/client.ts' only in casing.
  The file is in the program because:
    Matched by include pattern '**/*.ts' in 'C:/Users/kasturi/OneDrive/Desktop/Digital-Heros/digital-heroes/tsconfig.json'
    Imported via "@/lib/supabase/client" from file 'C:/Users/kasturi/OneDrive/Desktop/Digital-Heros/digital-heroes/src/components/Navbar.tsx'
    Imported via "@/lib/supabase/client" from file 'C:/Users/kasturi/OneDrive/Desktop/Digital-Heros/digital-heroes/src/app/page.tsx'
    Imported via "@/lib/supabase/client" from file 'C:/Users/kasturi/OneDrive/Desktop/Digital-Heros/digital-heroes/src/app/admin/charities/page.tsx'
    Imported via "@/lib/supabase/client" from file 'C:/Users/kasturi/OneDrive/Desktop/Digital-Heros/digital-heroes/src/app/admin/draws/page.tsx'
    Imported via "@/lib/supabase/client" from file 'C:/Users/kasturi/OneDrive/Desktop/Digital-Heros/digital-heroes/src/app/admin/winners/page.tsx'
    Imported via "@/lib/supabase/client" from file 'C:/Users/kasturi/OneDrive/Desktop/Digital-Heros/digital-heroes/src/app/charities/page.tsx'
    Imported via "@/lib/supabase/client" from file 'C:/Users/kasturi/OneDrive/Desktop/Digital-Heros/digital-heroes/src/app/dashboard/charity/page.tsx'
    Imported via "@/lib/supabase/client" from file 'C:/Users/kasturi/OneDrive/Desktop/Digital-Heros/digital-heroes/src/app/dashboard/scores/page.tsx'
    Imported via "@/lib/supabase/client" from file 'C:/Users/kasturi/OneDrive/Desktop/Digital-Heros/digital-heroes/src/app/login/page.tsx'
    Imported via "@/lib/supabase/client" from file 'C:/Users/kasturi/OneDrive/Desktop/Digital-Heros/digital-heroes/src/app/pricing/page.tsx'
    Imported via "@/lib/supabase/client" from file 'C:/Users/kasturi/OneDrive/Desktop/Digital-Heros/digital-heroes/src/app/signup/page.tsx'
src/app/dashboard/scores/page.tsx(4,30): error TS1149: File name 'C:/Users/kasturi/OneDrive/Desktop/Digital-Heros/digital-heroes/src/lib/supabase/client.ts' differs from already included file name 'C:/Users/kasturi/OneDrive/Desktop/Digital-Heros/digital-heroes/src/lib/Supabase/client.ts' only in casing.
  The file is in the program because:
    Matched by include pattern '**/*.ts' in 'C:/Users/kasturi/OneDrive/Desktop/Digital-Heros/digital-heroes/tsconfig.json'
    Imported via "@/lib/supabase/client" from file 'C:/Users/kasturi/OneDrive/Desktop/Digital-Heros/digital-heroes/src/components/Navbar.tsx'
    Imported via "@/lib/supabase/client" from file 'C:/Users/kasturi/OneDrive/Desktop/Digital-Heros/digital-heroes/src/app/page.tsx'
    Imported via "@/lib/supabase/client" from file 'C:/Users/kasturi/OneDrive/Desktop/Digital-Heros/digital-heroes/src/app/admin/charities/page.tsx'
    Imported via "@/lib/supabase/client" from file 'C:/Users/kasturi/OneDrive/Desktop/Digital-Heros/digital-heroes/src/app/admin/draws/page.tsx'
    Imported via "@/lib/supabase/client" from file 'C:/Users/kasturi/OneDrive/Desktop/Digital-Heros/digital-heroes/src/app/admin/winners/page.tsx'
    Imported via "@/lib/supabase/client" from file 'C:/Users/kasturi/OneDrive/Desktop/Digital-Heros/digital-heroes/src/app/charities/page.tsx'
    Imported via "@/lib/supabase/client" from file 'C:/Users/kasturi/OneDrive/Desktop/Digital-Heros/digital-heroes/src/app/dashboard/charity/page.tsx'
    Imported via "@/lib/supabase/client" from file 'C:/Users/kasturi/OneDrive/Desktop/Digital-Heros/digital-heroes/src/app/dashboard/scores/page.tsx'
    Imported via "@/lib/supabase/client" from file 'C:/Users/kasturi/OneDrive/Desktop/Digital-Heros/digital-heroes/src/app/login/page.tsx'
    Imported via "@/lib/supabase/client" from file 'C:/Users/kasturi/OneDrive/Desktop/Digital-Heros/digital-heroes/src/app/pricing/page.tsx'
    Imported via "@/lib/supabase/client" from file 'C:/Users/kasturi/OneDrive/Desktop/Digital-Heros/digital-heroes/src/app/signup/page.tsx'
src/app/login/page.tsx(6,30): error TS1149: File name 'C:/Users/kasturi/OneDrive/Desktop/Digital-Heros/digital-heroes/src/lib/supabase/client.ts' differs from already included file name 'C:/Users/kasturi/OneDrive/Desktop/Digital-Heros/digital-heroes/src/lib/Supabase/client.ts' only in casing.
  The file is in the program because:
    Matched by include pattern '**/*.ts' in 'C:/Users/kasturi/OneDrive/Desktop/Digital-Heros/digital-heroes/tsconfig.json'
    Imported via "@/lib/supabase/client" from file 'C:/Users/kasturi/OneDrive/Desktop/Digital-Heros/digital-heroes/src/components/Navbar.tsx'
    Imported via "@/lib/supabase/client" from file 'C:/Users/kasturi/OneDrive/Desktop/Digital-Heros/digital-heroes/src/app/page.tsx'
    Imported via "@/lib/supabase/client" from file 'C:/Users/kasturi/OneDrive/Desktop/Digital-Heros/digital-heroes/src/app/admin/charities/page.tsx'
    Imported via "@/lib/supabase/client" from file 'C:/Users/kasturi/OneDrive/Desktop/Digital-Heros/digital-heroes/src/app/admin/draws/page.tsx'
    Imported via "@/lib/supabase/client" from file 'C:/Users/kasturi/OneDrive/Desktop/Digital-Heros/digital-heroes/src/app/admin/winners/page.tsx'
    Imported via "@/lib/supabase/client" from file 'C:/Users/kasturi/OneDrive/Desktop/Digital-Heros/digital-heroes/src/app/charities/page.tsx'
    Imported via "@/lib/supabase/client" from file 'C:/Users/kasturi/OneDrive/Desktop/Digital-Heros/digital-heroes/src/app/dashboard/charity/page.tsx'
    Imported via "@/lib/supabase/client" from file 'C:/Users/kasturi/OneDrive/Desktop/Digital-Heros/digital-heroes/src/app/dashboard/scores/page.tsx'
    Imported via "@/lib/supabase/client" from file 'C:/Users/kasturi/OneDrive/Desktop/Digital-Heros/digital-heroes/src/app/login/page.tsx'
    Imported via "@/lib/supabase/client" from file 'C:/Users/kasturi/OneDrive/Desktop/Digital-Heros/digital-heroes/src/app/pricing/page.tsx'
    Imported via "@/lib/supabase/client" from file 'C:/Users/kasturi/OneDrive/Desktop/Digital-Heros/digital-heroes/src/app/signup/page.tsx'
src/app/page.tsx(5,30): error TS1149: File name 'C:/Users/kasturi/OneDrive/Desktop/Digital-Heros/digital-heroes/src/lib/supabase/client.ts' differs from already included file name 'C:/Users/kasturi/OneDrive/Desktop/Digital-Heros/digital-heroes/src/lib/Supabase/client.ts' only in casing.
  The file is in the program because:
    Matched by include pattern '**/*.ts' in 'C:/Users/kasturi/OneDrive/Desktop/Digital-Heros/digital-heroes/tsconfig.json'
    Imported via "@/lib/supabase/client" from file 'C:/Users/kasturi/OneDrive/Desktop/Digital-Heros/digital-heroes/src/components/Navbar.tsx'
    Imported via "@/lib/supabase/client" from file 'C:/Users/kasturi/OneDrive/Desktop/Digital-Heros/digital-heroes/src/app/page.tsx'
    Imported via "@/lib/supabase/client" from file 'C:/Users/kasturi/OneDrive/Desktop/Digital-Heros/digital-heroes/src/app/admin/charities/page.tsx'
    Imported via "@/lib/supabase/client" from file 'C:/Users/kasturi/OneDrive/Desktop/Digital-Heros/digital-heroes/src/app/admin/draws/page.tsx'
    Imported via "@/lib/supabase/client" from file 'C:/Users/kasturi/OneDrive/Desktop/Digital-Heros/digital-heroes/src/app/admin/winners/page.tsx'
    Imported via "@/lib/supabase/client" from file 'C:/Users/kasturi/OneDrive/Desktop/Digital-Heros/digital-heroes/src/app/charities/page.tsx'
    Imported via "@/lib/supabase/client" from file 'C:/Users/kasturi/OneDrive/Desktop/Digital-Heros/digital-heroes/src/app/dashboard/charity/page.tsx'
    Imported via "@/lib/supabase/client" from file 'C:/Users/kasturi/OneDrive/Desktop/Digital-Heros/digital-heroes/src/app/dashboard/scores/page.tsx'
    Imported via "@/lib/supabase/client" from file 'C:/Users/kasturi/OneDrive/Desktop/Digital-Heros/digital-heroes/src/app/login/page.tsx'
    Imported via "@/lib/supabase/client" from file 'C:/Users/kasturi/OneDrive/Desktop/Digital-Heros/digital-heroes/src/app/pricing/page.tsx'
    Imported via "@/lib/supabase/client" from file 'C:/Users/kasturi/OneDrive/Desktop/Digital-Heros/digital-heroes/src/app/signup/page.tsx'
src/app/page.tsx(220,38): error TS2322: Type '{ ringColor: string; boxShadow: `0 0 30px ${string}20`; } | {}' is not assignable to type 'CSSProperties | undefined'.
  Object literal may only specify known properties, and 'ringColor' does not exist in type 'Properties<string | number, string & {}>'.
src/app/pricing/page.tsx(5,30): error TS1149: File name 'C:/Users/kasturi/OneDrive/Desktop/Digital-Heros/digital-heroes/src/lib/supabase/client.ts' differs from already included file name 'C:/Users/kasturi/OneDrive/Desktop/Digital-Heros/digital-heroes/src/lib/Supabase/client.ts' only in casing.
  The file is in the program because:
    Matched by include pattern '**/*.ts' in 'C:/Users/kasturi/OneDrive/Desktop/Digital-Heros/digital-heroes/tsconfig.json'
    Imported via "@/lib/supabase/client" from file 'C:/Users/kasturi/OneDrive/Desktop/Digital-Heros/digital-heroes/src/components/Navbar.tsx'
    Imported via "@/lib/supabase/client" from file 'C:/Users/kasturi/OneDrive/Desktop/Digital-Heros/digital-heroes/src/app/page.tsx'
    Imported via "@/lib/supabase/client" from file 'C:/Users/kasturi/OneDrive/Desktop/Digital-Heros/digital-heroes/src/app/admin/charities/page.tsx'
    Imported via "@/lib/supabase/client" from file 'C:/Users/kasturi/OneDrive/Desktop/Digital-Heros/digital-heroes/src/app/admin/draws/page.tsx'
    Imported via "@/lib/supabase/client" from file 'C:/Users/kasturi/OneDrive/Desktop/Digital-Heros/digital-heroes/src/app/admin/winners/page.tsx'
    Imported via "@/lib/supabase/client" from file 'C:/Users/kasturi/OneDrive/Desktop/Digital-Heros/digital-heroes/src/app/charities/page.tsx'
    Imported via "@/lib/supabase/client" from file 'C:/Users/kasturi/OneDrive/Desktop/Digital-Heros/digital-heroes/src/app/dashboard/charity/page.tsx'
    Imported via "@/lib/supabase/client" from file 'C:/Users/kasturi/OneDrive/Desktop/Digital-Heros/digital-heroes/src/app/dashboard/scores/page.tsx'
    Imported via "@/lib/supabase/client" from file 'C:/Users/kasturi/OneDrive/Desktop/Digital-Heros/digital-heroes/src/app/login/page.tsx'
    Imported via "@/lib/supabase/client" from file 'C:/Users/kasturi/OneDrive/Desktop/Digital-Heros/digital-heroes/src/app/pricing/page.tsx'
    Imported via "@/lib/supabase/client" from file 'C:/Users/kasturi/OneDrive/Desktop/Digital-Heros/digital-heroes/src/app/signup/page.tsx'
src/app/signup/page.tsx(6,30): error TS1149: File name 'C:/Users/kasturi/OneDrive/Desktop/Digital-Heros/digital-heroes/src/lib/supabase/client.ts' differs from already included file name 'C:/Users/kasturi/OneDrive/Desktop/Digital-Heros/digital-heroes/src/lib/Supabase/client.ts' only in casing.
  The file is in the program because:
    Matched by include pattern '**/*.ts' in 'C:/Users/kasturi/OneDrive/Desktop/Digital-Heros/digital-heroes/tsconfig.json'
    Imported via "@/lib/supabase/client" from file 'C:/Users/kasturi/OneDrive/Desktop/Digital-Heros/digital-heroes/src/components/Navbar.tsx'
    Imported via "@/lib/supabase/client" from file 'C:/Users/kasturi/OneDrive/Desktop/Digital-Heros/digital-heroes/src/app/page.tsx'
    Imported via "@/lib/supabase/client" from file 'C:/Users/kasturi/OneDrive/Desktop/Digital-Heros/digital-heroes/src/app/admin/charities/page.tsx'
    Imported via "@/lib/supabase/client" from file 'C:/Users/kasturi/OneDrive/Desktop/Digital-Heros/digital-heroes/src/app/admin/draws/page.tsx'
    Imported via "@/lib/supabase/client" from file 'C:/Users/kasturi/OneDrive/Desktop/Digital-Heros/digital-heroes/src/app/admin/winners/page.tsx'
    Imported via "@/lib/supabase/client" from file 'C:/Users/kasturi/OneDrive/Desktop/Digital-Heros/digital-heroes/src/app/charities/page.tsx'
    Imported via "@/lib/supabase/client" from file 'C:/Users/kasturi/OneDrive/Desktop/Digital-Heros/digital-heroes/src/app/dashboard/charity/page.tsx'
    Imported via "@/lib/supabase/client" from file 'C:/Users/kasturi/OneDrive/Desktop/Digital-Heros/digital-heroes/src/app/dashboard/scores/page.tsx'
    Imported via "@/lib/supabase/client" from file 'C:/Users/kasturi/OneDrive/Desktop/Digital-Heros/digital-heroes/src/app/login/page.tsx'
    Imported via "@/lib/supabase/client" from file 'C:/Users/kasturi/OneDrive/Desktop/Digital-Heros/digital-heroes/src/app/pricing/page.tsx'
    Imported via "@/lib/supabase/client" from file 'C:/Users/kasturi/OneDrive/Desktop/Digital-Heros/digital-heroes/src/app/signup/page.tsx'
src/components/Navbar.tsx(6,30): error TS1149: File name 'C:/Users/kasturi/OneDrive/Desktop/Digital-Heros/digital-heroes/src/lib/supabase/client.ts' differs from already included file name 'C:/Users/kasturi/OneDrive/Desktop/Digital-Heros/digital-heroes/src/lib/Supabase/client.ts' only in casing.
  The file is in the program because:
    Matched by include pattern '**/*.ts' in 'C:/Users/kasturi/OneDrive/Desktop/Digital-Heros/digital-heroes/tsconfig.json'
    Imported via "@/lib/supabase/client" from file 'C:/Users/kasturi/OneDrive/Desktop/Digital-Heros/digital-heroes/src/components/Navbar.tsx'
    Imported via "@/lib/supabase/client" from file 'C:/Users/kasturi/OneDrive/Desktop/Digital-Heros/digital-heroes/src/app/page.tsx'
    Imported via "@/lib/supabase/client" from file 'C:/Users/kasturi/OneDrive/Desktop/Digital-Heros/digital-heroes/src/app/admin/charities/page.tsx'
    Imported via "@/lib/supabase/client" from file 'C:/Users/kasturi/OneDrive/Desktop/Digital-Heros/digital-heroes/src/app/admin/draws/page.tsx'
    Imported via "@/lib/supabase/client" from file 'C:/Users/kasturi/OneDrive/Desktop/Digital-Heros/digital-heroes/src/app/admin/winners/page.tsx'
    Imported via "@/lib/supabase/client" from file 'C:/Users/kasturi/OneDrive/Desktop/Digital-Heros/digital-heroes/src/app/charities/page.tsx'
    Imported via "@/lib/supabase/client" from file 'C:/Users/kasturi/OneDrive/Desktop/Digital-Heros/digital-heroes/src/app/dashboard/charity/page.tsx'
    Imported via "@/lib/supabase/client" from file 'C:/Users/kasturi/OneDrive/Desktop/Digital-Heros/digital-heroes/src/app/dashboard/scores/page.tsx'
    Imported via "@/lib/supabase/client" from file 'C:/Users/kasturi/OneDrive/Desktop/Digital-Heros/digital-heroes/src/app/login/page.tsx'
    Imported via "@/lib/supabase/client" from file 'C:/Users/kasturi/OneDrive/Desktop/Digital-Heros/digital-heroes/src/app/pricing/page.tsx'
    Imported via "@/lib/supabase/client" from file 'C:/Users/kasturi/OneDrive/Desktop/Digital-Heros/digital-heroes/src/app/signup/page.tsx'
